// Jest Snapshot v1, https://goo.gl/fbAQLP

exports[`Should navigate to the sign-up page when the button is clicked 1`] = `
Array [
  <div
    className="navbar"
  >
    <div
      className="logo"
    >
      <a
        href="/"
        onClick={[Function]}
      >
        authors
        <b>
          Haven
        </b>
      </a>
    </div>
    <div
      className="links"
    >
      <a
        className="login"
        href="/login"
        onClick={[Function]}
      >
        Login
      </a>
      <a
        className="signup"
        href="/signup"
        onClick={[Function]}
      >
        Get Started
      </a>
    </div>
  </div>,
  <div
    className="drop-down"
    id="drop-id"
  >
    <a
      className="profile-menu"
      href="/follow"
      onClick={[Function]}
    >
      <img
        alt="profile"
        className="profile-menu-icon"
        src="test-file-stub"
      />
      <p
        className="icon-text"
      >
        Profile
      </p>
    </a>
    <a
      className="profile-menu"
      href="/article/new"
      onClick={[Function]}
    >
      <img
        alt="newarticle"
        className="profile-menu-icon"
        src="test-file-stub"
      />
      <p
        className="icon-text"
      >
        New article
      </p>
    </a>
    <a
      className="profile-menu"
      href="/article/user"
      onClick={[Function]}
    >
      <img
        alt="myarticles"
        className="profile-menu-icon"
        src="test-file-stub"
      />
      <p
        className="icon-text"
      >
        My articles
      </p>
    </a>
    <a
      className="profile-menu"
      href="/article/user/draft"
      onClick={[Function]}
    >
      <img
        alt="draft"
        className="profile-menu-icon"
        src="test-file-stub"
      />
      <p
        className="icon-text"
      >
        My Draft
      </p>
    </a>
    <a
      className="bookmarks-menu"
      href="/article/bookmark"
      onClick={[Function]}
    >
      <img
        alt="profile"
        className="bookmarks-menu-icon"
        src="test-file-stub"
      />
      <p
        className="icon-text"
      >
        Bookmarks
      </p>
    </a>
    <a
      className="bookmarks-menu"
      href="/users/readingstats"
      onClick={[Function]}
    >
      <i
        className="fas fa-chart-bar"
      />
      <p
        className="icon-text"
      >
        Stats
      </p>
    </a>
    <a
      className="sign-out-drop-down"
      href="/"
      onClick={[Function]}
    >
      <img
        alt="profile"
        className="sign-out-drop-down-icon"
        src="test-file-stub"
      />
      <p
        className="icon-text"
      >
        Sign Out
      </p>
    </a>
    <p
      className="divider"
    >
      -- notifications preference --
    </p>
    <div
      className="in-app-notify"
    >
      <span>
        In app notifications
      </span>
      <input
        checked={false}
        name="inApp"
        onChange={[Function]}
        type="checkbox"
      />
    </div>
    <div
      className="email-notify"
    >
      <span>
        Email notifications
      </span>
      <input
        checked={false}
        name="email"
        onChange={[Function]}
        type="checkbox"
      />
    </div>
  </div>,
]
`;
